// Jest Snapshot v1, https://goo.gl/fbAQLP

exports[`react-list uniform react-list renders into DOM 1`] = `
<div
  data-reactroot=""
  style="position: relative;"
>
  <div>
    <ul>
      <li>
        <!-- react-text: 5 -->
        list item: 
        <!-- /react-text -->
        <!-- react-text: 6 -->
        1
        <!-- /react-text -->
      </li>
    </ul>
  </div>
</div>
`;
